[INFO] Scanning for projects...
[INFO] ------------------------------------------------------------------------
[INFO] Reactor Build Order:
[INFO] 
[INFO] real-time-bidding-parent                                           [pom]
[INFO] common-library                                                     [jar]
[INFO] auction-service                                                    [jar]
[INFO] 
[INFO] ------------------< com.duc:real-time-bidding-parent >------------------
[INFO] Building real-time-bidding-parent 0.0.1-SNAPSHOT                   [1/3]
[INFO]   from pom.xml
[INFO] --------------------------------[ pom ]---------------------------------
[INFO] 
[INFO] --- clean:3.4.1:clean (default-clean) @ real-time-bidding-parent ---
[INFO] Deleting C:\Users\hoang duc\Documents\microservice\real-time-bidding\real-time-bidding\target
[INFO] 
[INFO] -----------------------< com.duc:common-library >-----------------------
[INFO] Building common-library 0.0.1-SNAPSHOT                             [2/3]
[INFO]   from common-library\pom.xml
[INFO] --------------------------------[ jar ]---------------------------------
[INFO] 
[INFO] --- clean:3.4.1:clean (default-clean) @ common-library ---
[INFO] Deleting C:\Users\hoang duc\Documents\microservice\real-time-bidding\real-time-bidding\common-library\target
[INFO] 
[INFO] --- resources:3.3.1:resources (default-resources) @ common-library ---
[INFO] skip non existing resourceDirectory C:\Users\hoang duc\Documents\microservice\real-time-bidding\real-time-bidding\common-library\src\main\resources
[INFO] skip non existing resourceDirectory C:\Users\hoang duc\Documents\microservice\real-time-bidding\real-time-bidding\common-library\src\main\resources
[INFO] 
[INFO] --- compiler:3.13.0:compile (default-compile) @ common-library ---
[INFO] Recompiling the module because of changed source code.
[INFO] Compiling 7 source files with javac [debug parameters release 17] to target\classes
[INFO] 
[INFO] ----------------------< com.duc:auction-service >-----------------------
[INFO] Building auction-service 0.0.1-SNAPSHOT                            [3/3]
[INFO]   from auction-service\pom.xml
[INFO] --------------------------------[ jar ]---------------------------------
[INFO] 
[INFO] --- clean:3.4.1:clean (default-clean) @ auction-service ---
[INFO] Deleting C:\Users\hoang duc\Documents\microservice\real-time-bidding\real-time-bidding\auction-service\target
[INFO] 
[INFO] --- resources:3.3.1:resources (default-resources) @ auction-service ---
[INFO] Copying 1 resource from src\main\resources to target\classes
[INFO] Copying 0 resource from src\main\resources to target\classes
[INFO] 
[INFO] --- compiler:3.13.0:compile (default-compile) @ auction-service ---
[INFO] Recompiling the module because of changed dependency.
[INFO] Compiling 20 source files with javac [debug parameters release 17] to target\classes
[INFO] /C:/Users/hoang duc/Documents/microservice/real-time-bidding/real-time-bidding/auction-service/src/main/java/com/duc/auction/exception/GlobalExceptionHandler.java: C:\Users\hoang duc\Documents\microservice\real-time-bidding\real-time-bidding\auction-service\src\main\java\com\duc\auction\exception\GlobalExceptionHandler.java uses unchecked or unsafe operations.
[INFO] /C:/Users/hoang duc/Documents/microservice/real-time-bidding/real-time-bidding/auction-service/src/main/java/com/duc/auction/exception/GlobalExceptionHandler.java: Recompile with -Xlint:unchecked for details.
[INFO] ------------------------------------------------------------------------
[INFO] Reactor Summary for real-time-bidding-parent 0.0.1-SNAPSHOT:
[INFO] 
[INFO] real-time-bidding-parent ........................... SUCCESS [  0.316 s]
[INFO] common-library ..................................... SUCCESS [  3.968 s]
[INFO] auction-service .................................... SUCCESS [  4.309 s]
[INFO] ------------------------------------------------------------------------
[INFO] BUILD SUCCESS
[INFO] ------------------------------------------------------------------------
[INFO] Total time:  9.447 s
[INFO] Finished at: 2026-04-23T00:53:05+07:00
[INFO] ------------------------------------------------------------------------
